parse_all_data:0.048091899999999965
parse_all_includes:0.01229709999999995
parse_webpage:0.1473093000000001
parse_all_data:0.022046299999999963
parse_all_includes:0.004514899999999988
parse_webpage:0.08075860000000001
parse_all_data:0.038069199999999914
parse_all_includes:0.004401199999999994
parse_webpage:0.11704190000000003
list_to_data_table:29.0489003
includes_to_db:0.09021470000000065
-------NEW RUN STARTING-------
-------NEW RUN STARTING-------
-------NEW RUN STARTING-------
-------NEW RUN STARTING-------
-------NEW RUN STARTING-------
-------NEW RUN STARTING-------
-------NEW RUN STARTING-------
-------NEW RUN STARTING-------
-------NEW RUN STARTING-------
-------NEW RUN STARTING-------
-------NEW RUN STARTING-------
-------NEW RUN STARTING-------
-------NEW RUN STARTING-------
-------NEW RUN STARTING-------
-------NEW RUN STARTING-------
-------NEW RUN STARTING-------
parse_proj_json:0.013435300000000261
-------NEW RUN STARTING-------
parse_proj_json:0.002780099999998953
-------NEW RUN STARTING-------
-------NEW RUN STARTING-------
-------NEW RUN STARTING-------
-------NEW RUN STARTING-------
parse_proj_json:0.004568299999999859
-------NEW RUN STARTING-------
parse_proj_json:0.008666900000000144
-------NEW RUN STARTING-------
parse_proj_json:0.018668700000000094
-------NEW RUN STARTING-------
parse_proj_json:0.006342399999999859
-------NEW RUN STARTING-------
-------NEW RUN STARTING-------
parse_proj_json:0.004608799999999746
parse_webpage:0.2133411999999999
-------NEW RUN STARTING-------
parse_proj_json:0.002445699999999995
parse_webpage:0.11627469999999995
-------NEW RUN STARTING-------
parse_proj_json:0.00405690000000003
parse_webpage:0.11878009999999994
-------NEW RUN STARTING-------
parse_proj_json:0.0055874999999999675
parse_webpage:0.17795419999999995
-------NEW RUN STARTING-------
parse_proj_json:0.004520100000000027
parse_webpage:0.12086580000000002
list_to_data_table:0.24559979999999992
parse_proj_json:0.0028524999999999245
parse_webpage:0.08668569999999987
list_to_data_table:0.37411819999999985
-------NEW RUN STARTING-------
parse_proj_json:0.042009900000000044
parse_webpage:0.5247140999999997
list_to_data_table:0.40718260000000006
-------NEW RUN STARTING-------
parse_proj_json:0.007140300000000099
parse_webpage:0.5292677000000001
list_to_data_table:0.2575541000000001
parse_proj_json:0.008436799999998357
parse_webpage:0.422343699999999
list_to_data_table:0.25505889999999454
parse_proj_json:0.007579899999996087
parse_webpage:0.4527242000000058
list_to_data_table:0.3056043999999929
-------NEW RUN STARTING-------
parse_proj_json:0.007648600000000005
parse_webpage:0.5458933999999998
list_to_data_table:0.14080730000000008
parse_proj_json:0.011866200000000049
parse_webpage:0.3993111000000056
list_to_data_table:0.07346239999999682
parse_proj_json:0.0007839000000018359
parse_webpage:0.3971340000000083
list_to_data_table:0.005977999999998929
parse_proj_json:0.0007793000000049233
parse_webpage:0.2953458000000069
list_to_data_table:0.004061200000023746
parse_proj_json:0.0054939000000047145
parse_webpage:0.35006799999999316
list_to_data_table:0.004406499999987545
-------NEW RUN STARTING-------
parse_proj_json:0.003824400000000061
parse_webpage:0.5703795999999999
list_to_data_table:0.04028009999999993
parse_proj_json:0.027721100000007937
parse_webpage:0.41375320000000215
list_to_data_table:0.020644599999997126
parse_proj_json:0.0043695999999897595
parse_webpage:0.35441220000001294
list_to_data_table:0.019796900000017104
parse_proj_json:0.0024080000000026303
parse_webpage:0.3481318999999985
-------NEW RUN STARTING-------
parse_proj_json:0.0050816000000004635
parse_webpage:0.5269671999999996
-------NEW RUN STARTING-------
parse_proj_json:0.0053496000000001764
parse_webpage:0.4448417
list_to_data_table:0.06144210000000028
-------NEW RUN STARTING-------
parse_proj_json:0.005830500000000072
parse_webpage:0.48684130000000003
list_to_data_table:0.24820639999999994
-------NEW RUN STARTING-------
parse_proj_json:0.00972409999999968
parse_webpage:0.5094985000000003
list_to_data_table:0.06795969999999985
-------NEW RUN STARTING-------
parse_proj_json:0.0074209000000000636
parse_webpage:0.5898713999999998
-------NEW RUN STARTING-------
parse_proj_json:0.0062397999999999065
parse_webpage:0.5764741999999998
list_to_data_table:0.21797220000000017
parse_proj_json:0.006225200000002928
parse_webpage:0.5125162000000074
list_to_data_table:0.022932699999998363
parse_proj_json:0.008669799999978522
parse_webpage:0.42523610000000645
list_to_data_table:0.07215249999998719
parse_proj_json:0.008020200000004252
parse_webpage:0.3459980000000087
list_to_data_table:0.04781210000001579
parse_proj_json:0.006883099999981823
parse_webpage:0.519237099999998
list_to_data_table:0.04224229999999807
parse_proj_json:0.015946199999973487
parse_webpage:0.31527379999999994
list_to_data_table:0.032560700000033194
-------NEW RUN STARTING-------
parse_proj_json:0.009039099999999856
parse_webpage:0.5522138999999999
list_to_data_table:0.04369269999999981
-------NEW RUN STARTING-------
parse_proj_json:0.0067157999999998275
parse_webpage:0.45333239999999986
list_to_data_table:0.07590949999999985
parse_proj_json:0.008466600000005542
parse_webpage:0.49058149999999046
list_to_data_table:0.05976460000000827
parse_proj_json:0.0111259999999902
parse_webpage:0.362002700000005
list_to_data_table:0.02794419999997899
parse_proj_json:0.01071690000000558
parse_webpage:0.4311620000000005
list_to_data_table:0.054208499999987225
parse_proj_json:0.00987639999999601
parse_webpage:0.446780700000005
list_to_data_table:0.03792870000000903
-------NEW RUN STARTING-------
-------NEW RUN STARTING-------
parse_proj_json:0.07499760000000055
parse_webpage:0.6078394
-------NEW RUN STARTING-------
parse_proj_json:0.07939529999999984
parse_webpage:0.6547571000000003
-------NEW RUN STARTING-------
parse_proj_json:0.07398679999999924
parse_webpage:0.6593552000000003
-------NEW RUN STARTING-------
parse_proj_json:0.06037379999999981
parse_webpage:0.6465234000000004
-------NEW RUN STARTING-------
parse_proj_json:0.10378550000000075
parse_webpage:0.7460178000000006
-------NEW RUN STARTING-------
parse_proj_json:0.07431819999999956
parse_webpage:0.6753781999999999
-------NEW RUN STARTING-------
parse_proj_json:0.07703499999999952
parse_webpage:0.6944561000000005
-------NEW RUN STARTING-------
parse_proj_json:0.0729514
parse_webpage:0.6318830000000002
list_to_data_table:0.41753959999999957
parse_proj_json:0.09888630000000376
parse_webpage:0.45422980000000734
list_to_data_table:0.33995810000000404
parse_proj_json:0.0960418999999888
parse_webpage:0.6064609999999959
list_to_data_table:0.2836977000000047
parse_proj_json:0.09932850000001281
parse_webpage:0.713488099999978
list_to_data_table:0.41202780000000416
parse_proj_json:0.08841770000003635
parse_webpage:0.5313586999999984
list_to_data_table:0.28088470000000143
-------NEW RUN STARTING-------
parse_proj_json:0.01731109999999969
parse_webpage:0.5438614999999993
-------NEW RUN STARTING-------
parse_proj_json:0.03226420000000019
parse_webpage:0.4933662000000001
-------NEW RUN STARTING-------
parse_proj_json:0.016669299999999776
parse_webpage:0.4975406000000002
-------NEW RUN STARTING-------
-------NEW RUN STARTING-------
-------NEW RUN STARTING-------
-------NEW RUN STARTING-------
parse_proj_json:0.018096799999999913
parse_webpage:0.48620629999999965
-------NEW RUN STARTING-------
parse_proj_json:0.02113239999999994
parse_webpage:0.6974084
list_to_data_table:5.5329915
-------NEW RUN STARTING-------
parse_proj_json:0.01993149999999977
parse_webpage:0.4730971999999998
-------NEW RUN STARTING-------
parse_proj_json:0.017516000000000087
parse_webpage:0.5138759000000004
-------NEW RUN STARTING-------
parse_proj_json:0.01553199999999988
parse_webpage:0.42557219999999996
list_to_data_table:1.0550509
parse_proj_json:0.022080400000007216
parse_webpage:0.45108910000000435
-------NEW RUN STARTING-------
parse_proj_json:0.025498599999999705
parse_webpage:0.5978639000000001
list_to_data_table:0.1405394999999996
parse_proj_json:0.02887419999998997
parse_webpage:0.42174819999999613
list_to_data_table:0.1434705000000065
parse_proj_json:0.017520300000001043
parse_webpage:0.444113999999999
list_to_data_table:0.11635449999999992
parse_proj_json:0.01846470000000977
parse_webpage:0.4231149000000016
list_to_data_table:0.11958179999999174
parse_proj_json:0.010963500000002568
parse_webpage:0.40875950000000216
list_to_data_table:0.07322959999999057
parse_proj_json:0.023389000000008764
parse_webpage:0.4174702000000252
list_to_data_table:0.11734899999999016
parse_proj_json:0.01931400000000849
parse_webpage:0.414554800000019
list_to_data_table:0.1025876999999582
parse_proj_json:0.006772599999976592
parse_webpage:0.39552770000000237
list_to_data_table:0.05892110000002049
parse_proj_json:0.023610299999972995
parse_webpage:0.39258059999997386
list_to_data_table:0.06757720000001655
parse_proj_json:0.017330900000047222
parse_webpage:0.5416309999999385
list_to_data_table:0.08762050000007093
parse_proj_json:0.021947299999965253
parse_webpage:0.474492400000031
list_to_data_table:0.1309332999999242
parse_proj_json:0.017922600000019884
parse_webpage:0.4576151999999638
list_to_data_table:0.11970099999996364
parse_proj_json:0.017519599999900493
parse_webpage:0.4106943000000456
list_to_data_table:0.08820120000007137
parse_proj_json:0.013592600000038146
parse_webpage:0.41683480000006057
list_to_data_table:0.07068140000001222
parse_proj_json:0.012016600000038125
parse_webpage:0.3761273000000074
list_to_data_table:0.04081919999998718
parse_proj_json:0.01129639999999199
parse_webpage:0.39663100000007034
list_to_data_table:0.06606439999995928
parse_proj_json:0.01023320000001604
parse_webpage:0.2846498999999767
list_to_data_table:0.05103359999998247
parse_proj_json:0.010846899999933157
parse_webpage:0.2791772000000492
list_to_data_table:0.06970219999993787
parse_proj_json:0.008182399999896006
parse_webpage:0.28106750000006286
list_to_data_table:0.06945629999995617
parse_proj_json:0.009813400000211914
parse_webpage:0.2854501999997865
list_to_data_table:0.06926640000006046
parse_proj_json:0.014732000000094558
parse_webpage:0.28896290000011504
list_to_data_table:0.05370259999995142
parse_proj_json:0.012066600000025574
parse_webpage:0.3058261000001039
list_to_data_table:0.06667440000001079
parse_proj_json:0.010861999999860927
parse_webpage:0.28861239999991994
list_to_data_table:0.056041800000002695
parse_proj_json:0.0086017000000993
parse_webpage:0.31512020000013763
list_to_data_table:0.07092880000004698
parse_proj_json:0.012733299999808878
parse_webpage:0.29556669999988117
list_to_data_table:0.06809870000006413
parse_proj_json:0.026291799999853538
parse_webpage:0.30221380000011777
list_to_data_table:0.06449239999983547
parse_proj_json:0.011616000000003623
parse_webpage:0.27610630000003766
list_to_data_table:0.0673205999999027
parse_proj_json:0.01473649999979898
parse_webpage:0.2640429000000495
list_to_data_table:0.07739770000011958
parse_proj_json:0.01125980000006166
parse_webpage:0.28914740000004713
list_to_data_table:0.08567670000002181
parse_proj_json:0.01826800000003459
parse_webpage:0.30614760000003116
list_to_data_table:0.0671484000001783
parse_proj_json:0.008660299999974086
parse_webpage:0.2785812000001897
list_to_data_table:0.045358500000020285
parse_proj_json:0.008154900000135967
parse_webpage:0.3117866000000049
list_to_data_table:0.0744293000000198
parse_proj_json:0.008096899999827656
parse_webpage:0.2791431000000557
list_to_data_table:0.04960609999989174
parse_proj_json:0.007718000000295433
parse_webpage:0.27402140000003783
list_to_data_table:0.06404049999991912
parse_proj_json:0.008458000000246102
parse_webpage:0.26210519999995086
list_to_data_table:0.058997699999963515
parse_proj_json:0.0052365999999892665
parse_webpage:0.2767541000002893
list_to_data_table:0.053290500000002794
parse_proj_json:0.01643629999989571
parse_webpage:0.33148369999980787
list_to_data_table:0.048042699999768956
parse_proj_json:0.012784199999714474
parse_webpage:0.3096838999999818
list_to_data_table:0.0586751999999251
parse_proj_json:0.007488000000194006
parse_webpage:0.2797233999999662
list_to_data_table:0.0652365999999347
parse_proj_json:0.0246076999997058
parse_webpage:0.2896144999999706
list_to_data_table:0.05971060000001671
parse_proj_json:0.005650700000387587
parse_webpage:0.2655657999998766
list_to_data_table:0.03702750000002197
parse_proj_json:0.009712400000353227
parse_webpage:0.29650420000007216
list_to_data_table:0.052195900000242546
parse_proj_json:0.0015214000000014494
parse_webpage:0.32969320000029256
list_to_data_table:0.0061387000000650005
parse_proj_json:0.0014716999999109248
parse_webpage:0.30004189999999653
list_to_data_table:0.0074657999998635205
parse_proj_json:0.0016680999997333856
parse_webpage:0.24558220000017172
list_to_data_table:0.005421999999725813
parse_proj_json:0.02336690000083763
parse_webpage:0.4841758000002301
list_to_data_table:0.12080950000017765
parse_proj_json:0.00954959999944549
parse_webpage:0.39150920000065526
list_to_data_table:0.06716029999915918
parse_proj_json:0.028555699998833006
parse_webpage:0.48276110000006156
list_to_data_table:0.0619392999997217
parse_proj_json:0.009258500000214553
parse_webpage:0.4330396999994264
list_to_data_table:0.061230700001033256
parse_proj_json:0.012023199999021017
parse_webpage:0.31387270000050194
list_to_data_table:0.053981200000635
parse_proj_json:0.01020310000058089
parse_webpage:0.40200780000122904
list_to_data_table:0.07046809999883408
parse_proj_json:0.019066700000621495
parse_webpage:0.352173599998423
list_to_data_table:0.06508949999988545
-------NEW RUN STARTING-------
parse_proj_json:0.012740900000000277
parse_webpage:0.8174912000000001
list_to_data_table:0.06391230000000014
parse_proj_json:0.012169700000001171
parse_webpage:0.48405769999999393
list_to_data_table:0.0685994999999906
parse_proj_json:0.022290900000001557
parse_webpage:0.5812047000000007
list_to_data_table:0.08494650000000092
parse_proj_json:0.0128612999999973
parse_webpage:0.5280302000000177
list_to_data_table:0.08142879999999764
parse_proj_json:0.02685919999998987
parse_webpage:0.4074109999999962
list_to_data_table:0.05614420000000564
parse_proj_json:0.013272499999970933
parse_webpage:0.3293398999999795
list_to_data_table:0.06212740000000849
parse_proj_json:0.05707319999999072
parse_webpage:0.6088664000000108
list_to_data_table:0.07030439999999771
parse_proj_json:0.039459899999997106
parse_webpage:0.2884806999999796
list_to_data_table:0.07567849999998089
parse_proj_json:0.010630099999957565
parse_webpage:0.519649099999981
list_to_data_table:0.0725680000000466
parse_proj_json:0.015421700000047167
parse_webpage:0.3722302999999556
list_to_data_table:0.07745090000003074
parse_proj_json:0.012097100000005412
parse_webpage:0.34503060000008645
list_to_data_table:0.07703630000003159
parse_proj_json:0.017222299999957613
parse_webpage:0.4661990000000742
list_to_data_table:0.0746291000000383
-------NEW RUN STARTING-------
parse_proj_json:0.002346200000000076
parse_webpage:0.14109209999999994
list_to_data_table:0.029691699999999988
parse_proj_json:0.0022134999999998684
parse_webpage:0.07821350000000016
list_to_data_table:0.02751670000000006
parse_proj_json:0.014446700000000146
parse_webpage:0.3718625000000002
list_to_data_table:0.19026089999999973
-------NEW RUN STARTING-------
parse_proj_json:0.0034975999999999896
parse_webpage:0.12383310000000003
list_to_data_table:0.020975000000000077
parse_proj_json:0.003871100000000016
parse_webpage:0.09200230000000009
list_to_data_table:0.02631629999999996
parse_proj_json:0.010438600000000076
parse_webpage:0.3706119000000001
list_to_data_table:0.05601760000000011
